2026-08-08 06:11:39,957 | INFO     | discord.client | logging in using static token
2026-08-08 06:11:42,045 | INFO     | __main__ | Loaded 1 extension(s).
2026-08-08 06:11:43,592 | INFO     | discord.gateway | Shard ID None has connected to Gateway (Session ID: 3f5a8fd32033b839985ed5d46596905d).
2026-08-08 06:11:45,649 | INFO     | __main__ | Logged in as Hatsune Miku(Code Nexus)#7944 (1535525106657525841).
2026-08-08 06:12:47,179 | INFO     | __main__ | Command help used by 1312669588898713659 in 1535523403266662501.
2026-08-08 06:13:04,274 | INFO     | __main__ | Command ping used by 1312669588898713659 in 1535523403266662501.
2026-08-08 06:13:23,947 | INFO     | __main__ | Command about used by 1312669588898713659 in 1535523403266662501.
2026-08-08 06:34:49,328 | INFO     | discord.client | logging in using static token
2026-08-08 06:34:51,188 | INFO     | __main__ | Loaded 3 extension(s).
2026-08-08 06:34:53,211 | INFO     | discord.gateway | Shard ID None has connected to Gateway (Session ID: be962b0e6ce68ce5bf06961bfbd723b6).
2026-08-08 06:34:55,247 | INFO     | __main__ | Logged in as Hatsune Miku(Code Nexus)#7944 (1535525106657525841).
2026-08-08 06:35:34,159 | INFO     | __main__ | Command rank used by 1312669588898713659 in 1535523403266662501.
2026-08-08 06:36:02,699 | INFO     | __main__ | Command rank used by 1312669588898713659 in 1535523403266662501.
2026-08-08 06:36:16,271 | INFO     | __main__ | Command leaderboard used by 1312669588898713659 in 1535523403266662501.
2026-08-08 06:48:00,349 | INFO     | discord.client | logging in using static token
2026-08-08 06:48:02,028 | INFO     | __main__ | Loaded 4 extension(s).
2026-08-08 06:48:03,650 | INFO     | discord.gateway | Shard ID None has connected to Gateway (Session ID: 9e713940b92c707f431b1c9010736a08).
2026-08-08 06:48:05,716 | INFO     | __main__ | Logged in as Hatsune Miku(Code Nexus)#7944 (1535525106657525841).
2026-08-08 07:02:26,654 | INFO     | discord.client | logging in using static token
2026-08-08 07:02:32,280 | INFO     | __main__ | Loaded 5 extension(s).
2026-08-08 07:02:33,258 | INFO     | discord.gateway | Shard ID None has connected to Gateway (Session ID: a213f75e5ce85f35614154c04d409d4c).
2026-08-08 07:02:35,294 | INFO     | __main__ | Logged in as Hatsune Miku(Code Nexus)#7944 (1535525106657525841).
2026-08-08 07:03:06,830 | INFO     | discord.voice_state | Connecting to voice...
2026-08-08 07:03:06,832 | INFO     | discord.voice_state | Starting voice handshake... (connection attempt 1)
2026-08-08 07:03:07,792 | INFO     | discord.voice_state | Voice handshake complete. Endpoint found: c-bom08-08936fe6.discord.media:2087
2026-08-08 07:03:08,261 | INFO     | discord.voice_state | Voice connection complete.
2026-08-08 07:03:14,288 | INFO     | __main__ | Command play used by 1312669588898713659 in 1535523403266662501.
2026-08-08 07:07:05,701 | INFO     | discord.player | ffmpeg process 18512 successfully terminated with return code of 0.
2026-08-08 07:16:03,442 | INFO     | discord.voice_state | The voice handshake is being terminated for Channel ID 1535534624019578982 (Guild ID 1535523403266662501)
2026-08-08 07:16:35,761 | INFO     | discord.client | logging in using static token
2026-08-08 07:16:37,851 | INFO     | __main__ | Loaded 6 extension(s).
2026-08-08 07:16:39,543 | INFO     | discord.gateway | Shard ID None has connected to Gateway (Session ID: a1a1fe4db55a94d5280f581c5c31129e).
2026-08-08 07:16:41,570 | INFO     | __main__ | Logged in as Hatsune Miku(Code Nexus)#7944 (1535525106657525841).
2026-08-08 07:17:04,458 | INFO     | __main__ | Command challenge create used by 1312669588898713659 in 1535523403266662501.
2026-08-08 07:17:46,437 | INFO     | __main__ | Command challenge channel used by 1312669588898713659 in 1535523403266662501.
2026-08-08 07:17:58,980 | INFO     | __main__ | Command challenge create used by 1312669588898713659 in 1535523403266662501.
2026-08-08 07:19:09,526 | INFO     | __main__ | Command challenge list used by 1312669588898713659 in 1535523403266662501.
2026-08-08 07:19:31,473 | INFO     | __main__ | Command challenge approve used by 1312669588898713659 in 1535523403266662501.
2026-08-08 07:25:32,923 | INFO     | discord.client | logging in using static token
2026-08-08 07:25:34,803 | INFO     | __main__ | Loaded 7 extension(s).
2026-08-08 07:25:36,152 | INFO     | discord.gateway | Shard ID None has connected to Gateway (Session ID: ebfcc4e4badd1004cecefc62682a7af8).
2026-08-08 07:25:38,163 | INFO     | __main__ | Logged in as Hatsune Miku(Code Nexus)#7944 (1535525106657525841).
2026-08-08 07:25:43,799 | INFO     | __main__ | Command setleaderboardchannel used by 1312669588898713659 in 1535523403266662501.
2026-08-09 02:24:24,748 | INFO     | discord.client | logging in using static token
2026-08-09 02:24:26,949 | INFO     | __main__ | Loaded 7 extension(s).
2026-08-09 02:24:28,373 | INFO     | discord.gateway | Shard ID None has connected to Gateway (Session ID: 6efb7ec787798bfe69fa2982afb7ff18).
2026-08-09 02:24:30,389 | INFO     | __main__ | Logged in as Hatsune Miku(Code Nexus)#7944 (1535525106657525841).
2026-08-09 02:26:04,449 | INFO     | __main__ | Command setleaderboardchannel used by 1312669588898713659 in 1535523403266662501.
2026-08-09 02:46:03,935 | INFO     | discord.client | logging in using static token
2026-08-09 02:46:06,960 | INFO     | __main__ | Loaded 8 extension(s).
2026-08-09 02:46:08,333 | INFO     | discord.gateway | Shard ID None has connected to Gateway (Session ID: 1127b85c2601652ae3258cc633544151).
2026-08-09 02:46:10,354 | INFO     | __main__ | Logged in as Hatsune Miku(Code Nexus)#7944 (1535525106657525841).
2026-08-09 03:02:37,911 | INFO     | __main__ | Command rank used by 1353038048773935124 in 1535523403266662501.
2026-08-09 03:03:29,277 | INFO     | __main__ | Command challenge used by 1353038048773935124 in 1535523403266662501.
2026-08-09 15:06:45,545 | INFO     | discord.client | logging in using static token
2026-08-09 15:06:47,957 | INFO     | __main__ | Loaded 8 extension(s).
2026-08-09 15:06:49,617 | INFO     | discord.gateway | Shard ID None has connected to Gateway (Session ID: d9c3a96456c14e22d15db3e1914e3233).
2026-08-09 15:06:51,638 | INFO     | __main__ | Logged in as Hatsune Miku(Code Nexus)#7944 (1535525106657525841).
2026-08-09 15:10:20,500 | INFO     | __main__ | Command github used by 1312669588898713659 in 1535523403266662501.
2026-08-09 15:11:18,118 | INFO     | __main__ | Command repo used by 1312669588898713659 in 1535523403266662501.
2026-08-09 15:11:36,962 | INFO     | __main__ | Command help used by 1312669588898713659 in 1535523403266662501.
2026-08-09 15:13:02,801 | INFO     | __main__ | Command rank used by 1312669588898713659 in 1535523403266662501.
2026-08-09 15:14:52,087 | INFO     | __main__ | Command rank used by 841600062350295080 in 1535523403266662501.
2026-08-09 15:15:31,633 | INFO     | __main__ | Command rank used by 1291949983678988392 in 1535523403266662501.
2026-08-09 15:16:22,878 | INFO     | __main__ | Command rank used by 1291949983678988392 in 1535523403266662501.
2026-08-09 15:17:56,727 | INFO     | __main__ | Command rank used by 1291949983678988392 in 1535523403266662501.
2026-08-09 15:23:43,809 | INFO     | __main__ | Command rank used by 841600062350295080 in 1535523403266662501.
2026-08-09 15:23:52,468 | INFO     | __main__ | Command rank used by 1291949983678988392 in 1535523403266662501.
2026-08-09 15:25:44,515 | INFO     | __main__ | Command leaderboard used by 841600062350295080 in 1535523403266662501.
2026-08-09 15:27:10,465 | INFO     | __main__ | Command rank used by 841600062350295080 in 1535523403266662501.
2026-08-09 15:27:38,097 | INFO     | __main__ | Command rank used by 841600062350295080 in 1535523403266662501.
2026-08-09 15:29:49,256 | ERROR    | discord.client | Attempting a reconnect in 0.93s
Traceback (most recent call last):
  File "C:\Users\Dell\AIML\Hatsune MIku CN\code-nexus-bot\.venv\Lib\site-packages\aiohttp\connector.py", line 1571, in _create_direct_connection
    hosts = await self._resolve_host(host, port, traces=traces)
            ^^^^^^^^^^^^^^^^^^^^^^^^^^^^^^^^^^^^^^^^^^^^^^^^^^^
  File "C:\Users\Dell\AIML\Hatsune MIku CN\code-nexus-bot\.venv\Lib\site-packages\aiohttp\connector.py", line 1181, in _resolve_host
    return await asyncio.shield(resolved_host_task)
           ^^^^^^^^^^^^^^^^^^^^^^^^^^^^^^^^^^^^^^^^
  File "C:\Users\Dell\AIML\Hatsune MIku CN\code-nexus-bot\.venv\Lib\site-packages\aiohttp\connector.py", line 1212, in _resolve_host_with_throttle
    addrs = await self._resolver.resolve(host, port, family=self._family)
            ^^^^^^^^^^^^^^^^^^^^^^^^^^^^^^^^^^^^^^^^^^^^^^^^^^^^^^^^^^^^^
  File "C:\Users\Dell\AIML\Hatsune MIku CN\code-nexus-bot\.venv\Lib\site-packages\aiohttp\resolver.py", line 47, in resolve
    infos = await self._loop.getaddrinfo(
            ^^^^^^^^^^^^^^^^^^^^^^^^^^^^^
    ...<5 lines>...
    )
    ^
  File "C:\Users\Dell\AppData\Local\Programs\Python\Python314\Lib\asyncio\base_events.py", line 936, in getaddrinfo
    return await self.run_in_executor(
           ^^^^^^^^^^^^^^^^^^^^^^^^^^^
        None, getaddr_func, host, port, family, type, proto, flags)
        ^^^^^^^^^^^^^^^^^^^^^^^^^^^^^^^^^^^^^^^^^^^^^^^^^^^^^^^^^^^
  File "C:\Users\Dell\AppData\Local\Programs\Python\Python314\Lib\concurrent\futures\thread.py", line 86, in run
    result = ctx.run(self.task)
  File "C:\Users\Dell\AppData\Local\Programs\Python\Python314\Lib\concurrent\futures\thread.py", line 73, in run
    return fn(*args, **kwargs)
  File "C:\Users\Dell\AppData\Local\Programs\Python\Python314\Lib\socket.py", line 987, in getaddrinfo
    for res in _socket.getaddrinfo(host, port, family, type, proto, flags):
               ~~~~~~~~~~~~~~~~~~~^^^^^^^^^^^^^^^^^^^^^^^^^^^^^^^^^^^^^^^^
socket.gaierror: [Errno 11001] getaddrinfo failed

The above exception was the direct cause of the following exception:

Traceback (most recent call last):
  File "C:\Users\Dell\AIML\Hatsune MIku CN\code-nexus-bot\.venv\Lib\site-packages\discord\client.py", line 728, in connect
    self.ws = await asyncio.wait_for(coro, timeout=60.0)
              ^^^^^^^^^^^^^^^^^^^^^^^^^^^^^^^^^^^^^^^^^^
  File "C:\Users\Dell\AppData\Local\Programs\Python\Python314\Lib\asyncio\tasks.py", line 488, in wait_for
    return await fut
           ^^^^^^^^^
  File "C:\Users\Dell\AIML\Hatsune MIku CN\code-nexus-bot\.venv\Lib\site-packages\discord\gateway.py", line 392, in from_client
    socket = await client.http.ws_connect(str(url))
             ^^^^^^^^^^^^^^^^^^^^^^^^^^^^^^^^^^^^^^
  File "C:\Users\Dell\AIML\Hatsune MIku CN\code-nexus-bot\.venv\Lib\site-packages\discord\http.py", line 571, in ws_connect
    return await self.__session.ws_connect(url, **kwargs)
           ^^^^^^^^^^^^^^^^^^^^^^^^^^^^^^^^^^^^^^^^^^^^^^
  File "C:\Users\Dell\AIML\Hatsune MIku CN\code-nexus-bot\.venv\Lib\site-packages\aiohttp\client.py", line 1249, in _ws_connect
    resp = await self.request(
           ^^^^^^^^^^^^^^^^^^^
    ...<11 lines>...
    )
    ^
  File "C:\Users\Dell\AIML\Hatsune MIku CN\code-nexus-bot\.venv\Lib\site-packages\aiohttp\client.py", line 858, in _request
    resp = await handler(req)
           ^^^^^^^^^^^^^^^^^^
  File "C:\Users\Dell\AIML\Hatsune MIku CN\code-nexus-bot\.venv\Lib\site-packages\aiohttp\client.py", line 812, in _connect_and_send_request
    conn = await self._connector.connect(
           ^^^^^^^^^^^^^^^^^^^^^^^^^^^^^^
        req, traces=traces, timeout=real_timeout
        ^^^^^^^^^^^^^^^^^^^^^^^^^^^^^^^^^^^^^^^^
    )
    ^
  File "C:\Users\Dell\AIML\Hatsune MIku CN\code-nexus-bot\.venv\Lib\site-packages\aiohttp\connector.py", line 657, in connect
    proto = await self._create_connection(req, traces, timeout)
            ^^^^^^^^^^^^^^^^^^^^^^^^^^^^^^^^^^^^^^^^^^^^^^^^^^^
  File "C:\Users\Dell\AIML\Hatsune MIku CN\code-nexus-bot\.venv\Lib\site-packages\aiohttp\connector.py", line 1242, in _create_connection
    _, proto = await self._create_direct_connection(req, traces, timeout)
               ^^^^^^^^^^^^^^^^^^^^^^^^^^^^^^^^^^^^^^^^^^^^^^^^^^^^^^^^^^
  File "C:\Users\Dell\AIML\Hatsune MIku CN\code-nexus-bot\.venv\Lib\site-packages\aiohttp\connector.py", line 1577, in _create_direct_connection
    raise ClientConnectorDNSError(req.connection_key, exc) from exc
aiohttp.client_exceptions.ClientConnectorDNSError: Cannot connect to host gateway-us-east1-d.discord.gg:443 ssl:default [getaddrinfo failed]
2026-08-09 15:29:50,214 | ERROR    | discord.client | Attempting a reconnect in 2.65s
Traceback (most recent call last):
  File "C:\Users\Dell\AIML\Hatsune MIku CN\code-nexus-bot\.venv\Lib\site-packages\aiohttp\connector.py", line 1571, in _create_direct_connection
    hosts = await self._resolve_host(host, port, traces=traces)
            ^^^^^^^^^^^^^^^^^^^^^^^^^^^^^^^^^^^^^^^^^^^^^^^^^^^
  File "C:\Users\Dell\AIML\Hatsune MIku CN\code-nexus-bot\.venv\Lib\site-packages\aiohttp\connector.py", line 1181, in _resolve_host
    return await asyncio.shield(resolved_host_task)
           ^^^^^^^^^^^^^^^^^^^^^^^^^^^^^^^^^^^^^^^^
  File "C:\Users\Dell\AIML\Hatsune MIku CN\code-nexus-bot\.venv\Lib\site-packages\aiohttp\connector.py", line 1212, in _resolve_host_with_throttle
    addrs = await self._resolver.resolve(host, port, family=self._family)
            ^^^^^^^^^^^^^^^^^^^^^^^^^^^^^^^^^^^^^^^^^^^^^^^^^^^^^^^^^^^^^
  File "C:\Users\Dell\AIML\Hatsune MIku CN\code-nexus-bot\.venv\Lib\site-packages\aiohttp\resolver.py", line 47, in resolve
    infos = await self._loop.getaddrinfo(
            ^^^^^^^^^^^^^^^^^^^^^^^^^^^^^
    ...<5 lines>...
    )
    ^
  File "C:\Users\Dell\AppData\Local\Programs\Python\Python314\Lib\asyncio\base_events.py", line 936, in getaddrinfo
    return await self.run_in_executor(
           ^^^^^^^^^^^^^^^^^^^^^^^^^^^
        None, getaddr_func, host, port, family, type, proto, flags)
        ^^^^^^^^^^^^^^^^^^^^^^^^^^^^^^^^^^^^^^^^^^^^^^^^^^^^^^^^^^^
  File "C:\Users\Dell\AppData\Local\Programs\Python\Python314\Lib\concurrent\futures\thread.py", line 86, in run
    result = ctx.run(self.task)
  File "C:\Users\Dell\AppData\Local\Programs\Python\Python314\Lib\concurrent\futures\thread.py", line 73, in run
    return fn(*args, **kwargs)
  File "C:\Users\Dell\AppData\Local\Programs\Python\Python314\Lib\socket.py", line 987, in getaddrinfo
    for res in _socket.getaddrinfo(host, port, family, type, proto, flags):
               ~~~~~~~~~~~~~~~~~~~^^^^^^^^^^^^^^^^^^^^^^^^^^^^^^^^^^^^^^^^
socket.gaierror: [Errno 11001] getaddrinfo failed

The above exception was the direct cause of the following exception:

Traceback (most recent call last):
  File "C:\Users\Dell\AIML\Hatsune MIku CN\code-nexus-bot\.venv\Lib\site-packages\discord\client.py", line 728, in connect
    self.ws = await asyncio.wait_for(coro, timeout=60.0)
              ^^^^^^^^^^^^^^^^^^^^^^^^^^^^^^^^^^^^^^^^^^
  File "C:\Users\Dell\AppData\Local\Programs\Python\Python314\Lib\asyncio\tasks.py", line 488, in wait_for
    return await fut
           ^^^^^^^^^
  File "C:\Users\Dell\AIML\Hatsune MIku CN\code-nexus-bot\.venv\Lib\site-packages\discord\gateway.py", line 392, in from_client
    socket = await client.http.ws_connect(str(url))
             ^^^^^^^^^^^^^^^^^^^^^^^^^^^^^^^^^^^^^^
  File "C:\Users\Dell\AIML\Hatsune MIku CN\code-nexus-bot\.venv\Lib\site-packages\discord\http.py", line 571, in ws_connect
    return await self.__session.ws_connect(url, **kwargs)
           ^^^^^^^^^^^^^^^^^^^^^^^^^^^^^^^^^^^^^^^^^^^^^^
  File "C:\Users\Dell\AIML\Hatsune MIku CN\code-nexus-bot\.venv\Lib\site-packages\aiohttp\client.py", line 1249, in _ws_connect
    resp = await self.request(
           ^^^^^^^^^^^^^^^^^^^
    ...<11 lines>...
    )
    ^
  File "C:\Users\Dell\AIML\Hatsune MIku CN\code-nexus-bot\.venv\Lib\site-packages\aiohttp\client.py", line 858, in _request
    resp = await handler(req)
           ^^^^^^^^^^^^^^^^^^
  File "C:\Users\Dell\AIML\Hatsune MIku CN\code-nexus-bot\.venv\Lib\site-packages\aiohttp\client.py", line 812, in _connect_and_send_request
    conn = await self._connector.connect(
           ^^^^^^^^^^^^^^^^^^^^^^^^^^^^^^
        req, traces=traces, timeout=real_timeout
        ^^^^^^^^^^^^^^^^^^^^^^^^^^^^^^^^^^^^^^^^
    )
    ^
  File "C:\Users\Dell\AIML\Hatsune MIku CN\code-nexus-bot\.venv\Lib\site-packages\aiohttp\connector.py", line 657, in connect
    proto = await self._create_connection(req, traces, timeout)
            ^^^^^^^^^^^^^^^^^^^^^^^^^^^^^^^^^^^^^^^^^^^^^^^^^^^
  File "C:\Users\Dell\AIML\Hatsune MIku CN\code-nexus-bot\.venv\Lib\site-packages\aiohttp\connector.py", line 1242, in _create_connection
    _, proto = await self._create_direct_connection(req, traces, timeout)
               ^^^^^^^^^^^^^^^^^^^^^^^^^^^^^^^^^^^^^^^^^^^^^^^^^^^^^^^^^^
  File "C:\Users\Dell\AIML\Hatsune MIku CN\code-nexus-bot\.venv\Lib\site-packages\aiohttp\connector.py", line 1577, in _create_direct_connection
    raise ClientConnectorDNSError(req.connection_key, exc) from exc
aiohttp.client_exceptions.ClientConnectorDNSError: Cannot connect to host gateway-us-east1-d.discord.gg:443 ssl:default [getaddrinfo failed]
2026-08-09 15:29:52,880 | ERROR    | discord.client | Attempting a reconnect in 6.85s
Traceback (most recent call last):
  File "C:\Users\Dell\AIML\Hatsune MIku CN\code-nexus-bot\.venv\Lib\site-packages\aiohttp\connector.py", line 1571, in _create_direct_connection
    hosts = await self._resolve_host(host, port, traces=traces)
            ^^^^^^^^^^^^^^^^^^^^^^^^^^^^^^^^^^^^^^^^^^^^^^^^^^^
  File "C:\Users\Dell\AIML\Hatsune MIku CN\code-nexus-bot\.venv\Lib\site-packages\aiohttp\connector.py", line 1181, in _resolve_host
    return await asyncio.shield(resolved_host_task)
           ^^^^^^^^^^^^^^^^^^^^^^^^^^^^^^^^^^^^^^^^
  File "C:\Users\Dell\AIML\Hatsune MIku CN\code-nexus-bot\.venv\Lib\site-packages\aiohttp\connector.py", line 1212, in _resolve_host_with_throttle
    addrs = await self._resolver.resolve(host, port, family=self._family)
            ^^^^^^^^^^^^^^^^^^^^^^^^^^^^^^^^^^^^^^^^^^^^^^^^^^^^^^^^^^^^^
  File "C:\Users\Dell\AIML\Hatsune MIku CN\code-nexus-bot\.venv\Lib\site-packages\aiohttp\resolver.py", line 47, in resolve
    infos = await self._loop.getaddrinfo(
            ^^^^^^^^^^^^^^^^^^^^^^^^^^^^^
    ...<5 lines>...
    )
    ^
  File "C:\Users\Dell\AppData\Local\Programs\Python\Python314\Lib\asyncio\base_events.py", line 936, in getaddrinfo
    return await self.run_in_executor(
           ^^^^^^^^^^^^^^^^^^^^^^^^^^^
        None, getaddr_func, host, port, family, type, proto, flags)
        ^^^^^^^^^^^^^^^^^^^^^^^^^^^^^^^^^^^^^^^^^^^^^^^^^^^^^^^^^^^
  File "C:\Users\Dell\AppData\Local\Programs\Python\Python314\Lib\concurrent\futures\thread.py", line 86, in run
    result = ctx.run(self.task)
  File "C:\Users\Dell\AppData\Local\Programs\Python\Python314\Lib\concurrent\futures\thread.py", line 73, in run
    return fn(*args, **kwargs)
  File "C:\Users\Dell\AppData\Local\Programs\Python\Python314\Lib\socket.py", line 987, in getaddrinfo
    for res in _socket.getaddrinfo(host, port, family, type, proto, flags):
               ~~~~~~~~~~~~~~~~~~~^^^^^^^^^^^^^^^^^^^^^^^^^^^^^^^^^^^^^^^^
socket.gaierror: [Errno 11001] getaddrinfo failed

The above exception was the direct cause of the following exception:

Traceback (most recent call last):
  File "C:\Users\Dell\AIML\Hatsune MIku CN\code-nexus-bot\.venv\Lib\site-packages\discord\client.py", line 728, in connect
    self.ws = await asyncio.wait_for(coro, timeout=60.0)
              ^^^^^^^^^^^^^^^^^^^^^^^^^^^^^^^^^^^^^^^^^^
  File "C:\Users\Dell\AppData\Local\Programs\Python\Python314\Lib\asyncio\tasks.py", line 488, in wait_for
    return await fut
           ^^^^^^^^^
  File "C:\Users\Dell\AIML\Hatsune MIku CN\code-nexus-bot\.venv\Lib\site-packages\discord\gateway.py", line 392, in from_client
    socket = await client.http.ws_connect(str(url))
             ^^^^^^^^^^^^^^^^^^^^^^^^^^^^^^^^^^^^^^
  File "C:\Users\Dell\AIML\Hatsune MIku CN\code-nexus-bot\.venv\Lib\site-packages\discord\http.py", line 571, in ws_connect
    return await self.__session.ws_connect(url, **kwargs)
           ^^^^^^^^^^^^^^^^^^^^^^^^^^^^^^^^^^^^^^^^^^^^^^
  File "C:\Users\Dell\AIML\Hatsune MIku CN\code-nexus-bot\.venv\Lib\site-packages\aiohttp\client.py", line 1249, in _ws_connect
    resp = await self.request(
           ^^^^^^^^^^^^^^^^^^^
    ...<11 lines>...
    )
    ^
  File "C:\Users\Dell\AIML\Hatsune MIku CN\code-nexus-bot\.venv\Lib\site-packages\aiohttp\client.py", line 858, in _request
    resp = await handler(req)
           ^^^^^^^^^^^^^^^^^^
  File "C:\Users\Dell\AIML\Hatsune MIku CN\code-nexus-bot\.venv\Lib\site-packages\aiohttp\client.py", line 812, in _connect_and_send_request
    conn = await self._connector.connect(
           ^^^^^^^^^^^^^^^^^^^^^^^^^^^^^^
        req, traces=traces, timeout=real_timeout
        ^^^^^^^^^^^^^^^^^^^^^^^^^^^^^^^^^^^^^^^^
    )
    ^
  File "C:\Users\Dell\AIML\Hatsune MIku CN\code-nexus-bot\.venv\Lib\site-packages\aiohttp\connector.py", line 657, in connect
    proto = await self._create_connection(req, traces, timeout)
            ^^^^^^^^^^^^^^^^^^^^^^^^^^^^^^^^^^^^^^^^^^^^^^^^^^^
  File "C:\Users\Dell\AIML\Hatsune MIku CN\code-nexus-bot\.venv\Lib\site-packages\aiohttp\connector.py", line 1242, in _create_connection
    _, proto = await self._create_direct_connection(req, traces, timeout)
               ^^^^^^^^^^^^^^^^^^^^^^^^^^^^^^^^^^^^^^^^^^^^^^^^^^^^^^^^^^
  File "C:\Users\Dell\AIML\Hatsune MIku CN\code-nexus-bot\.venv\Lib\site-packages\aiohttp\connector.py", line 1577, in _create_direct_connection
    raise ClientConnectorDNSError(req.connection_key, exc) from exc
aiohttp.client_exceptions.ClientConnectorDNSError: Cannot connect to host gateway-us-east1-d.discord.gg:443 ssl:default [getaddrinfo failed]
2026-08-09 15:29:59,759 | ERROR    | discord.client | Attempting a reconnect in 3.25s
Traceback (most recent call last):
  File "C:\Users\Dell\AIML\Hatsune MIku CN\code-nexus-bot\.venv\Lib\site-packages\aiohttp\connector.py", line 1571, in _create_direct_connection
    hosts = await self._resolve_host(host, port, traces=traces)
            ^^^^^^^^^^^^^^^^^^^^^^^^^^^^^^^^^^^^^^^^^^^^^^^^^^^
  File "C:\Users\Dell\AIML\Hatsune MIku CN\code-nexus-bot\.venv\Lib\site-packages\aiohttp\connector.py", line 1181, in _resolve_host
    return await asyncio.shield(resolved_host_task)
           ^^^^^^^^^^^^^^^^^^^^^^^^^^^^^^^^^^^^^^^^
  File "C:\Users\Dell\AIML\Hatsune MIku CN\code-nexus-bot\.venv\Lib\site-packages\aiohttp\connector.py", line 1212, in _resolve_host_with_throttle
    addrs = await self._resolver.resolve(host, port, family=self._family)
            ^^^^^^^^^^^^^^^^^^^^^^^^^^^^^^^^^^^^^^^^^^^^^^^^^^^^^^^^^^^^^
  File "C:\Users\Dell\AIML\Hatsune MIku CN\code-nexus-bot\.venv\Lib\site-packages\aiohttp\resolver.py", line 47, in resolve
    infos = await self._loop.getaddrinfo(
            ^^^^^^^^^^^^^^^^^^^^^^^^^^^^^
    ...<5 lines>...
    )
    ^
  File "C:\Users\Dell\AppData\Local\Programs\Python\Python314\Lib\asyncio\base_events.py", line 936, in getaddrinfo
    return await self.run_in_executor(
           ^^^^^^^^^^^^^^^^^^^^^^^^^^^
        None, getaddr_func, host, port, family, type, proto, flags)
        ^^^^^^^^^^^^^^^^^^^^^^^^^^^^^^^^^^^^^^^^^^^^^^^^^^^^^^^^^^^
  File "C:\Users\Dell\AppData\Local\Programs\Python\Python314\Lib\concurrent\futures\thread.py", line 86, in run
    result = ctx.run(self.task)
  File "C:\Users\Dell\AppData\Local\Programs\Python\Python314\Lib\concurrent\futures\thread.py", line 73, in run
    return fn(*args, **kwargs)
  File "C:\Users\Dell\AppData\Local\Programs\Python\Python314\Lib\socket.py", line 987, in getaddrinfo
    for res in _socket.getaddrinfo(host, port, family, type, proto, flags):
               ~~~~~~~~~~~~~~~~~~~^^^^^^^^^^^^^^^^^^^^^^^^^^^^^^^^^^^^^^^^
socket.gaierror: [Errno 11001] getaddrinfo failed

The above exception was the direct cause of the following exception:

Traceback (most recent call last):
  File "C:\Users\Dell\AIML\Hatsune MIku CN\code-nexus-bot\.venv\Lib\site-packages\discord\client.py", line 728, in connect
    self.ws = await asyncio.wait_for(coro, timeout=60.0)
              ^^^^^^^^^^^^^^^^^^^^^^^^^^^^^^^^^^^^^^^^^^
  File "C:\Users\Dell\AppData\Local\Programs\Python\Python314\Lib\asyncio\tasks.py", line 488, in wait_for
    return await fut
           ^^^^^^^^^
  File "C:\Users\Dell\AIML\Hatsune MIku CN\code-nexus-bot\.venv\Lib\site-packages\discord\gateway.py", line 392, in from_client
    socket = await client.http.ws_connect(str(url))
             ^^^^^^^^^^^^^^^^^^^^^^^^^^^^^^^^^^^^^^
  File "C:\Users\Dell\AIML\Hatsune MIku CN\code-nexus-bot\.venv\Lib\site-packages\discord\http.py", line 571, in ws_connect
    return await self.__session.ws_connect(url, **kwargs)
           ^^^^^^^^^^^^^^^^^^^^^^^^^^^^^^^^^^^^^^^^^^^^^^
  File "C:\Users\Dell\AIML\Hatsune MIku CN\code-nexus-bot\.venv\Lib\site-packages\aiohttp\client.py", line 1249, in _ws_connect
    resp = await self.request(
           ^^^^^^^^^^^^^^^^^^^
    ...<11 lines>...
    )
    ^
  File "C:\Users\Dell\AIML\Hatsune MIku CN\code-nexus-bot\.venv\Lib\site-packages\aiohttp\client.py", line 858, in _request
    resp = await handler(req)
           ^^^^^^^^^^^^^^^^^^
  File "C:\Users\Dell\AIML\Hatsune MIku CN\code-nexus-bot\.venv\Lib\site-packages\aiohttp\client.py", line 812, in _connect_and_send_request
    conn = await self._connector.connect(
           ^^^^^^^^^^^^^^^^^^^^^^^^^^^^^^
        req, traces=traces, timeout=real_timeout
        ^^^^^^^^^^^^^^^^^^^^^^^^^^^^^^^^^^^^^^^^
    )
    ^
  File "C:\Users\Dell\AIML\Hatsune MIku CN\code-nexus-bot\.venv\Lib\site-packages\aiohttp\connector.py", line 657, in connect
    proto = await self._create_connection(req, traces, timeout)
            ^^^^^^^^^^^^^^^^^^^^^^^^^^^^^^^^^^^^^^^^^^^^^^^^^^^
  File "C:\Users\Dell\AIML\Hatsune MIku CN\code-nexus-bot\.venv\Lib\site-packages\aiohttp\connector.py", line 1242, in _create_connection
    _, proto = await self._create_direct_connection(req, traces, timeout)
               ^^^^^^^^^^^^^^^^^^^^^^^^^^^^^^^^^^^^^^^^^^^^^^^^^^^^^^^^^^
  File "C:\Users\Dell\AIML\Hatsune MIku CN\code-nexus-bot\.venv\Lib\site-packages\aiohttp\connector.py", line 1577, in _create_direct_connection
    raise ClientConnectorDNSError(req.connection_key, exc) from exc
aiohttp.client_exceptions.ClientConnectorDNSError: Cannot connect to host gateway-us-east1-d.discord.gg:443 ssl:default [getaddrinfo failed]
2026-08-09 15:30:03,014 | ERROR    | discord.client | Attempting a reconnect in 22.24s
Traceback (most recent call last):
  File "C:\Users\Dell\AIML\Hatsune MIku CN\code-nexus-bot\.venv\Lib\site-packages\aiohttp\connector.py", line 1571, in _create_direct_connection
    hosts = await self._resolve_host(host, port, traces=traces)
            ^^^^^^^^^^^^^^^^^^^^^^^^^^^^^^^^^^^^^^^^^^^^^^^^^^^
  File "C:\Users\Dell\AIML\Hatsune MIku CN\code-nexus-bot\.venv\Lib\site-packages\aiohttp\connector.py", line 1181, in _resolve_host
    return await asyncio.shield(resolved_host_task)
           ^^^^^^^^^^^^^^^^^^^^^^^^^^^^^^^^^^^^^^^^
  File "C:\Users\Dell\AIML\Hatsune MIku CN\code-nexus-bot\.venv\Lib\site-packages\aiohttp\connector.py", line 1212, in _resolve_host_with_throttle
    addrs = await self._resolver.resolve(host, port, family=self._family)
            ^^^^^^^^^^^^^^^^^^^^^^^^^^^^^^^^^^^^^^^^^^^^^^^^^^^^^^^^^^^^^
  File "C:\Users\Dell\AIML\Hatsune MIku CN\code-nexus-bot\.venv\Lib\site-packages\aiohttp\resolver.py", line 47, in resolve
    infos = await self._loop.getaddrinfo(
            ^^^^^^^^^^^^^^^^^^^^^^^^^^^^^
    ...<5 lines>...
    )
    ^
  File "C:\Users\Dell\AppData\Local\Programs\Python\Python314\Lib\asyncio\base_events.py", line 936, in getaddrinfo
    return await self.run_in_executor(
           ^^^^^^^^^^^^^^^^^^^^^^^^^^^
        None, getaddr_func, host, port, family, type, proto, flags)
        ^^^^^^^^^^^^^^^^^^^^^^^^^^^^^^^^^^^^^^^^^^^^^^^^^^^^^^^^^^^
  File "C:\Users\Dell\AppData\Local\Programs\Python\Python314\Lib\concurrent\futures\thread.py", line 86, in run
    result = ctx.run(self.task)
  File "C:\Users\Dell\AppData\Local\Programs\Python\Python314\Lib\concurrent\futures\thread.py", line 73, in run
    return fn(*args, **kwargs)
  File "C:\Users\Dell\AppData\Local\Programs\Python\Python314\Lib\socket.py", line 987, in getaddrinfo
    for res in _socket.getaddrinfo(host, port, family, type, proto, flags):
               ~~~~~~~~~~~~~~~~~~~^^^^^^^^^^^^^^^^^^^^^^^^^^^^^^^^^^^^^^^^
socket.gaierror: [Errno 11001] getaddrinfo failed

The above exception was the direct cause of the following exception:

Traceback (most recent call last):
  File "C:\Users\Dell\AIML\Hatsune MIku CN\code-nexus-bot\.venv\Lib\site-packages\discord\client.py", line 728, in connect
    self.ws = await asyncio.wait_for(coro, timeout=60.0)
              ^^^^^^^^^^^^^^^^^^^^^^^^^^^^^^^^^^^^^^^^^^
  File "C:\Users\Dell\AppData\Local\Programs\Python\Python314\Lib\asyncio\tasks.py", line 488, in wait_for
    return await fut
           ^^^^^^^^^
  File "C:\Users\Dell\AIML\Hatsune MIku CN\code-nexus-bot\.venv\Lib\site-packages\discord\gateway.py", line 392, in from_client
    socket = await client.http.ws_connect(str(url))
             ^^^^^^^^^^^^^^^^^^^^^^^^^^^^^^^^^^^^^^
  File "C:\Users\Dell\AIML\Hatsune MIku CN\code-nexus-bot\.venv\Lib\site-packages\discord\http.py", line 571, in ws_connect
    return await self.__session.ws_connect(url, **kwargs)
           ^^^^^^^^^^^^^^^^^^^^^^^^^^^^^^^^^^^^^^^^^^^^^^
  File "C:\Users\Dell\AIML\Hatsune MIku CN\code-nexus-bot\.venv\Lib\site-packages\aiohttp\client.py", line 1249, in _ws_connect
    resp = await self.request(
           ^^^^^^^^^^^^^^^^^^^
    ...<11 lines>...
    )
    ^
  File "C:\Users\Dell\AIML\Hatsune MIku CN\code-nexus-bot\.venv\Lib\site-packages\aiohttp\client.py", line 858, in _request
    resp = await handler(req)
           ^^^^^^^^^^^^^^^^^^
  File "C:\Users\Dell\AIML\Hatsune MIku CN\code-nexus-bot\.venv\Lib\site-packages\aiohttp\client.py", line 812, in _connect_and_send_request
    conn = await self._connector.connect(
           ^^^^^^^^^^^^^^^^^^^^^^^^^^^^^^
        req, traces=traces, timeout=real_timeout
        ^^^^^^^^^^^^^^^^^^^^^^^^^^^^^^^^^^^^^^^^
    )
    ^
  File "C:\Users\Dell\AIML\Hatsune MIku CN\code-nexus-bot\.venv\Lib\site-packages\aiohttp\connector.py", line 657, in connect
    proto = await self._create_connection(req, traces, timeout)
            ^^^^^^^^^^^^^^^^^^^^^^^^^^^^^^^^^^^^^^^^^^^^^^^^^^^
  File "C:\Users\Dell\AIML\Hatsune MIku CN\code-nexus-bot\.venv\Lib\site-packages\aiohttp\connector.py", line 1242, in _create_connection
    _, proto = await self._create_direct_connection(req, traces, timeout)
               ^^^^^^^^^^^^^^^^^^^^^^^^^^^^^^^^^^^^^^^^^^^^^^^^^^^^^^^^^^
  File "C:\Users\Dell\AIML\Hatsune MIku CN\code-nexus-bot\.venv\Lib\site-packages\aiohttp\connector.py", line 1577, in _create_direct_connection
    raise ClientConnectorDNSError(req.connection_key, exc) from exc
aiohttp.client_exceptions.ClientConnectorDNSError: Cannot connect to host gateway-us-east1-d.discord.gg:443 ssl:default [getaddrinfo failed]
2026-08-09 15:30:25,262 | ERROR    | discord.client | Attempting a reconnect in 36.62s
Traceback (most recent call last):
  File "C:\Users\Dell\AIML\Hatsune MIku CN\code-nexus-bot\.venv\Lib\site-packages\aiohttp\connector.py", line 1571, in _create_direct_connection
    hosts = await self._resolve_host(host, port, traces=traces)
            ^^^^^^^^^^^^^^^^^^^^^^^^^^^^^^^^^^^^^^^^^^^^^^^^^^^
  File "C:\Users\Dell\AIML\Hatsune MIku CN\code-nexus-bot\.venv\Lib\site-packages\aiohttp\connector.py", line 1181, in _resolve_host
    return await asyncio.shield(resolved_host_task)
           ^^^^^^^^^^^^^^^^^^^^^^^^^^^^^^^^^^^^^^^^
  File "C:\Users\Dell\AIML\Hatsune MIku CN\code-nexus-bot\.venv\Lib\site-packages\aiohttp\connector.py", line 1212, in _resolve_host_with_throttle
    addrs = await self._resolver.resolve(host, port, family=self._family)
            ^^^^^^^^^^^^^^^^^^^^^^^^^^^^^^^^^^^^^^^^^^^^^^^^^^^^^^^^^^^^^
  File "C:\Users\Dell\AIML\Hatsune MIku CN\code-nexus-bot\.venv\Lib\site-packages\aiohttp\resolver.py", line 47, in resolve
    infos = await self._loop.getaddrinfo(
            ^^^^^^^^^^^^^^^^^^^^^^^^^^^^^
    ...<5 lines>...
    )
    ^
  File "C:\Users\Dell\AppData\Local\Programs\Python\Python314\Lib\asyncio\base_events.py", line 936, in getaddrinfo
    return await self.run_in_executor(
           ^^^^^^^^^^^^^^^^^^^^^^^^^^^
        None, getaddr_func, host, port, family, type, proto, flags)
        ^^^^^^^^^^^^^^^^^^^^^^^^^^^^^^^^^^^^^^^^^^^^^^^^^^^^^^^^^^^
  File "C:\Users\Dell\AppData\Local\Programs\Python\Python314\Lib\concurrent\futures\thread.py", line 86, in run
    result = ctx.run(self.task)
  File "C:\Users\Dell\AppData\Local\Programs\Python\Python314\Lib\concurrent\futures\thread.py", line 73, in run
    return fn(*args, **kwargs)
  File "C:\Users\Dell\AppData\Local\Programs\Python\Python314\Lib\socket.py", line 987, in getaddrinfo
    for res in _socket.getaddrinfo(host, port, family, type, proto, flags):
               ~~~~~~~~~~~~~~~~~~~^^^^^^^^^^^^^^^^^^^^^^^^^^^^^^^^^^^^^^^^
socket.gaierror: [Errno 11001] getaddrinfo failed

The above exception was the direct cause of the following exception:

Traceback (most recent call last):
  File "C:\Users\Dell\AIML\Hatsune MIku CN\code-nexus-bot\.venv\Lib\site-packages\discord\client.py", line 728, in connect
    self.ws = await asyncio.wait_for(coro, timeout=60.0)
              ^^^^^^^^^^^^^^^^^^^^^^^^^^^^^^^^^^^^^^^^^^
  File "C:\Users\Dell\AppData\Local\Programs\Python\Python314\Lib\asyncio\tasks.py", line 488, in wait_for
    return await fut
           ^^^^^^^^^
  File "C:\Users\Dell\AIML\Hatsune MIku CN\code-nexus-bot\.venv\Lib\site-packages\discord\gateway.py", line 392, in from_client
    socket = await client.http.ws_connect(str(url))
             ^^^^^^^^^^^^^^^^^^^^^^^^^^^^^^^^^^^^^^
  File "C:\Users\Dell\AIML\Hatsune MIku CN\code-nexus-bot\.venv\Lib\site-packages\discord\http.py", line 571, in ws_connect
    return await self.__session.ws_connect(url, **kwargs)
           ^^^^^^^^^^^^^^^^^^^^^^^^^^^^^^^^^^^^^^^^^^^^^^
  File "C:\Users\Dell\AIML\Hatsune MIku CN\code-nexus-bot\.venv\Lib\site-packages\aiohttp\client.py", line 1249, in _ws_connect
    resp = await self.request(
           ^^^^^^^^^^^^^^^^^^^
    ...<11 lines>...
    )
    ^
  File "C:\Users\Dell\AIML\Hatsune MIku CN\code-nexus-bot\.venv\Lib\site-packages\aiohttp\client.py", line 858, in _request
    resp = await handler(req)
           ^^^^^^^^^^^^^^^^^^
  File "C:\Users\Dell\AIML\Hatsune MIku CN\code-nexus-bot\.venv\Lib\site-packages\aiohttp\client.py", line 812, in _connect_and_send_request
    conn = await self._connector.connect(
           ^^^^^^^^^^^^^^^^^^^^^^^^^^^^^^
        req, traces=traces, timeout=real_timeout
        ^^^^^^^^^^^^^^^^^^^^^^^^^^^^^^^^^^^^^^^^
    )
    ^
  File "C:\Users\Dell\AIML\Hatsune MIku CN\code-nexus-bot\.venv\Lib\site-packages\aiohttp\connector.py", line 657, in connect
    proto = await self._create_connection(req, traces, timeout)
            ^^^^^^^^^^^^^^^^^^^^^^^^^^^^^^^^^^^^^^^^^^^^^^^^^^^
  File "C:\Users\Dell\AIML\Hatsune MIku CN\code-nexus-bot\.venv\Lib\site-packages\aiohttp\connector.py", line 1242, in _create_connection
    _, proto = await self._create_direct_connection(req, traces, timeout)
               ^^^^^^^^^^^^^^^^^^^^^^^^^^^^^^^^^^^^^^^^^^^^^^^^^^^^^^^^^^
  File "C:\Users\Dell\AIML\Hatsune MIku CN\code-nexus-bot\.venv\Lib\site-packages\aiohttp\connector.py", line 1577, in _create_direct_connection
    raise ClientConnectorDNSError(req.connection_key, exc) from exc
aiohttp.client_exceptions.ClientConnectorDNSError: Cannot connect to host gateway-us-east1-d.discord.gg:443 ssl:default [getaddrinfo failed]
2026-08-09 15:31:01,902 | ERROR    | discord.client | Attempting a reconnect in 86.54s
Traceback (most recent call last):
  File "C:\Users\Dell\AIML\Hatsune MIku CN\code-nexus-bot\.venv\Lib\site-packages\aiohttp\connector.py", line 1571, in _create_direct_connection
    hosts = await self._resolve_host(host, port, traces=traces)
            ^^^^^^^^^^^^^^^^^^^^^^^^^^^^^^^^^^^^^^^^^^^^^^^^^^^
  File "C:\Users\Dell\AIML\Hatsune MIku CN\code-nexus-bot\.venv\Lib\site-packages\aiohttp\connector.py", line 1181, in _resolve_host
    return await asyncio.shield(resolved_host_task)
           ^^^^^^^^^^^^^^^^^^^^^^^^^^^^^^^^^^^^^^^^
  File "C:\Users\Dell\AIML\Hatsune MIku CN\code-nexus-bot\.venv\Lib\site-packages\aiohttp\connector.py", line 1212, in _resolve_host_with_throttle
    addrs = await self._resolver.resolve(host, port, family=self._family)
            ^^^^^^^^^^^^^^^^^^^^^^^^^^^^^^^^^^^^^^^^^^^^^^^^^^^^^^^^^^^^^
  File "C:\Users\Dell\AIML\Hatsune MIku CN\code-nexus-bot\.venv\Lib\site-packages\aiohttp\resolver.py", line 47, in resolve
    infos = await self._loop.getaddrinfo(
            ^^^^^^^^^^^^^^^^^^^^^^^^^^^^^
    ...<5 lines>...
    )
    ^
  File "C:\Users\Dell\AppData\Local\Programs\Python\Python314\Lib\asyncio\base_events.py", line 936, in getaddrinfo
    return await self.run_in_executor(
           ^^^^^^^^^^^^^^^^^^^^^^^^^^^
        None, getaddr_func, host, port, family, type, proto, flags)
        ^^^^^^^^^^^^^^^^^^^^^^^^^^^^^^^^^^^^^^^^^^^^^^^^^^^^^^^^^^^
  File "C:\Users\Dell\AppData\Local\Programs\Python\Python314\Lib\concurrent\futures\thread.py", line 86, in run
    result = ctx.run(self.task)
  File "C:\Users\Dell\AppData\Local\Programs\Python\Python314\Lib\concurrent\futures\thread.py", line 73, in run
    return fn(*args, **kwargs)
  File "C:\Users\Dell\AppData\Local\Programs\Python\Python314\Lib\socket.py", line 987, in getaddrinfo
    for res in _socket.getaddrinfo(host, port, family, type, proto, flags):
               ~~~~~~~~~~~~~~~~~~~^^^^^^^^^^^^^^^^^^^^^^^^^^^^^^^^^^^^^^^^
socket.gaierror: [Errno 11001] getaddrinfo failed

The above exception was the direct cause of the following exception:

Traceback (most recent call last):
  File "C:\Users\Dell\AIML\Hatsune MIku CN\code-nexus-bot\.venv\Lib\site-packages\discord\client.py", line 728, in connect
    self.ws = await asyncio.wait_for(coro, timeout=60.0)
              ^^^^^^^^^^^^^^^^^^^^^^^^^^^^^^^^^^^^^^^^^^
  File "C:\Users\Dell\AppData\Local\Programs\Python\Python314\Lib\asyncio\tasks.py", line 488, in wait_for
    return await fut
           ^^^^^^^^^
  File "C:\Users\Dell\AIML\Hatsune MIku CN\code-nexus-bot\.venv\Lib\site-packages\discord\gateway.py", line 392, in from_client
    socket = await client.http.ws_connect(str(url))
             ^^^^^^^^^^^^^^^^^^^^^^^^^^^^^^^^^^^^^^
  File "C:\Users\Dell\AIML\Hatsune MIku CN\code-nexus-bot\.venv\Lib\site-packages\discord\http.py", line 571, in ws_connect
    return await self.__session.ws_connect(url, **kwargs)
           ^^^^^^^^^^^^^^^^^^^^^^^^^^^^^^^^^^^^^^^^^^^^^^
  File "C:\Users\Dell\AIML\Hatsune MIku CN\code-nexus-bot\.venv\Lib\site-packages\aiohttp\client.py", line 1249, in _ws_connect
    resp = await self.request(
           ^^^^^^^^^^^^^^^^^^^
    ...<11 lines>...
    )
    ^
  File "C:\Users\Dell\AIML\Hatsune MIku CN\code-nexus-bot\.venv\Lib\site-packages\aiohttp\client.py", line 858, in _request
    resp = await handler(req)
           ^^^^^^^^^^^^^^^^^^
  File "C:\Users\Dell\AIML\Hatsune MIku CN\code-nexus-bot\.venv\Lib\site-packages\aiohttp\client.py", line 812, in _connect_and_send_request
    conn = await self._connector.connect(
           ^^^^^^^^^^^^^^^^^^^^^^^^^^^^^^
        req, traces=traces, timeout=real_timeout
        ^^^^^^^^^^^^^^^^^^^^^^^^^^^^^^^^^^^^^^^^
    )
    ^
  File "C:\Users\Dell\AIML\Hatsune MIku CN\code-nexus-bot\.venv\Lib\site-packages\aiohttp\connector.py", line 657, in connect
    proto = await self._create_connection(req, traces, timeout)
            ^^^^^^^^^^^^^^^^^^^^^^^^^^^^^^^^^^^^^^^^^^^^^^^^^^^
  File "C:\Users\Dell\AIML\Hatsune MIku CN\code-nexus-bot\.venv\Lib\site-packages\aiohttp\connector.py", line 1242, in _create_connection
    _, proto = await self._create_direct_connection(req, traces, timeout)
               ^^^^^^^^^^^^^^^^^^^^^^^^^^^^^^^^^^^^^^^^^^^^^^^^^^^^^^^^^^
  File "C:\Users\Dell\AIML\Hatsune MIku CN\code-nexus-bot\.venv\Lib\site-packages\aiohttp\connector.py", line 1577, in _create_direct_connection
    raise ClientConnectorDNSError(req.connection_key, exc) from exc
aiohttp.client_exceptions.ClientConnectorDNSError: Cannot connect to host gateway-us-east1-d.discord.gg:443 ssl:default [getaddrinfo failed]
2026-08-09 15:32:28,464 | ERROR    | discord.client | Attempting a reconnect in 168.78s
Traceback (most recent call last):
  File "C:\Users\Dell\AIML\Hatsune MIku CN\code-nexus-bot\.venv\Lib\site-packages\aiohttp\connector.py", line 1571, in _create_direct_connection
    hosts = await self._resolve_host(host, port, traces=traces)
            ^^^^^^^^^^^^^^^^^^^^^^^^^^^^^^^^^^^^^^^^^^^^^^^^^^^
  File "C:\Users\Dell\AIML\Hatsune MIku CN\code-nexus-bot\.venv\Lib\site-packages\aiohttp\connector.py", line 1181, in _resolve_host
    return await asyncio.shield(resolved_host_task)
           ^^^^^^^^^^^^^^^^^^^^^^^^^^^^^^^^^^^^^^^^
  File "C:\Users\Dell\AIML\Hatsune MIku CN\code-nexus-bot\.venv\Lib\site-packages\aiohttp\connector.py", line 1212, in _resolve_host_with_throttle
    addrs = await self._resolver.resolve(host, port, family=self._family)
            ^^^^^^^^^^^^^^^^^^^^^^^^^^^^^^^^^^^^^^^^^^^^^^^^^^^^^^^^^^^^^
  File "C:\Users\Dell\AIML\Hatsune MIku CN\code-nexus-bot\.venv\Lib\site-packages\aiohttp\resolver.py", line 47, in resolve
    infos = await self._loop.getaddrinfo(
            ^^^^^^^^^^^^^^^^^^^^^^^^^^^^^
    ...<5 lines>...
    )
    ^
  File "C:\Users\Dell\AppData\Local\Programs\Python\Python314\Lib\asyncio\base_events.py", line 936, in getaddrinfo
    return await self.run_in_executor(
           ^^^^^^^^^^^^^^^^^^^^^^^^^^^
        None, getaddr_func, host, port, family, type, proto, flags)
        ^^^^^^^^^^^^^^^^^^^^^^^^^^^^^^^^^^^^^^^^^^^^^^^^^^^^^^^^^^^
  File "C:\Users\Dell\AppData\Local\Programs\Python\Python314\Lib\concurrent\futures\thread.py", line 86, in run
    result = ctx.run(self.task)
  File "C:\Users\Dell\AppData\Local\Programs\Python\Python314\Lib\concurrent\futures\thread.py", line 73, in run
    return fn(*args, **kwargs)
  File "C:\Users\Dell\AppData\Local\Programs\Python\Python314\Lib\socket.py", line 987, in getaddrinfo
    for res in _socket.getaddrinfo(host, port, family, type, proto, flags):
               ~~~~~~~~~~~~~~~~~~~^^^^^^^^^^^^^^^^^^^^^^^^^^^^^^^^^^^^^^^^
socket.gaierror: [Errno 11001] getaddrinfo failed

The above exception was the direct cause of the following exception:

Traceback (most recent call last):
  File "C:\Users\Dell\AIML\Hatsune MIku CN\code-nexus-bot\.venv\Lib\site-packages\discord\client.py", line 728, in connect
    self.ws = await asyncio.wait_for(coro, timeout=60.0)
              ^^^^^^^^^^^^^^^^^^^^^^^^^^^^^^^^^^^^^^^^^^
  File "C:\Users\Dell\AppData\Local\Programs\Python\Python314\Lib\asyncio\tasks.py", line 488, in wait_for
    return await fut
           ^^^^^^^^^
  File "C:\Users\Dell\AIML\Hatsune MIku CN\code-nexus-bot\.venv\Lib\site-packages\discord\gateway.py", line 392, in from_client
    socket = await client.http.ws_connect(str(url))
             ^^^^^^^^^^^^^^^^^^^^^^^^^^^^^^^^^^^^^^
  File "C:\Users\Dell\AIML\Hatsune MIku CN\code-nexus-bot\.venv\Lib\site-packages\discord\http.py", line 571, in ws_connect
    return await self.__session.ws_connect(url, **kwargs)
           ^^^^^^^^^^^^^^^^^^^^^^^^^^^^^^^^^^^^^^^^^^^^^^
  File "C:\Users\Dell\AIML\Hatsune MIku CN\code-nexus-bot\.venv\Lib\site-packages\aiohttp\client.py", line 1249, in _ws_connect
    resp = await self.request(
           ^^^^^^^^^^^^^^^^^^^
    ...<11 lines>...
    )
    ^
  File "C:\Users\Dell\AIML\Hatsune MIku CN\code-nexus-bot\.venv\Lib\site-packages\aiohttp\client.py", line 858, in _request
    resp = await handler(req)
           ^^^^^^^^^^^^^^^^^^
  File "C:\Users\Dell\AIML\Hatsune MIku CN\code-nexus-bot\.venv\Lib\site-packages\aiohttp\client.py", line 812, in _connect_and_send_request
    conn = await self._connector.connect(
           ^^^^^^^^^^^^^^^^^^^^^^^^^^^^^^
        req, traces=traces, timeout=real_timeout
        ^^^^^^^^^^^^^^^^^^^^^^^^^^^^^^^^^^^^^^^^
    )
    ^
  File "C:\Users\Dell\AIML\Hatsune MIku CN\code-nexus-bot\.venv\Lib\site-packages\aiohttp\connector.py", line 657, in connect
    proto = await self._create_connection(req, traces, timeout)
            ^^^^^^^^^^^^^^^^^^^^^^^^^^^^^^^^^^^^^^^^^^^^^^^^^^^
  File "C:\Users\Dell\AIML\Hatsune MIku CN\code-nexus-bot\.venv\Lib\site-packages\aiohttp\connector.py", line 1242, in _create_connection
    _, proto = await self._create_direct_connection(req, traces, timeout)
               ^^^^^^^^^^^^^^^^^^^^^^^^^^^^^^^^^^^^^^^^^^^^^^^^^^^^^^^^^^
  File "C:\Users\Dell\AIML\Hatsune MIku CN\code-nexus-bot\.venv\Lib\site-packages\aiohttp\connector.py", line 1577, in _create_direct_connection
    raise ClientConnectorDNSError(req.connection_key, exc) from exc
aiohttp.client_exceptions.ClientConnectorDNSError: Cannot connect to host gateway-us-east1-d.discord.gg:443 ssl:default [getaddrinfo failed]
2026-08-09 15:35:17,258 | ERROR    | discord.client | Attempting a reconnect in 501.43s
Traceback (most recent call last):
  File "C:\Users\Dell\AIML\Hatsune MIku CN\code-nexus-bot\.venv\Lib\site-packages\aiohttp\connector.py", line 1571, in _create_direct_connection
    hosts = await self._resolve_host(host, port, traces=traces)
            ^^^^^^^^^^^^^^^^^^^^^^^^^^^^^^^^^^^^^^^^^^^^^^^^^^^
  File "C:\Users\Dell\AIML\Hatsune MIku CN\code-nexus-bot\.venv\Lib\site-packages\aiohttp\connector.py", line 1181, in _resolve_host
    return await asyncio.shield(resolved_host_task)
           ^^^^^^^^^^^^^^^^^^^^^^^^^^^^^^^^^^^^^^^^
  File "C:\Users\Dell\AIML\Hatsune MIku CN\code-nexus-bot\.venv\Lib\site-packages\aiohttp\connector.py", line 1212, in _resolve_host_with_throttle
    addrs = await self._resolver.resolve(host, port, family=self._family)
            ^^^^^^^^^^^^^^^^^^^^^^^^^^^^^^^^^^^^^^^^^^^^^^^^^^^^^^^^^^^^^
  File "C:\Users\Dell\AIML\Hatsune MIku CN\code-nexus-bot\.venv\Lib\site-packages\aiohttp\resolver.py", line 47, in resolve
    infos = await self._loop.getaddrinfo(
            ^^^^^^^^^^^^^^^^^^^^^^^^^^^^^
    ...<5 lines>...
    )
    ^
  File "C:\Users\Dell\AppData\Local\Programs\Python\Python314\Lib\asyncio\base_events.py", line 936, in getaddrinfo
    return await self.run_in_executor(
           ^^^^^^^^^^^^^^^^^^^^^^^^^^^
        None, getaddr_func, host, port, family, type, proto, flags)
        ^^^^^^^^^^^^^^^^^^^^^^^^^^^^^^^^^^^^^^^^^^^^^^^^^^^^^^^^^^^
  File "C:\Users\Dell\AppData\Local\Programs\Python\Python314\Lib\concurrent\futures\thread.py", line 86, in run
    result = ctx.run(self.task)
  File "C:\Users\Dell\AppData\Local\Programs\Python\Python314\Lib\concurrent\futures\thread.py", line 73, in run
    return fn(*args, **kwargs)
  File "C:\Users\Dell\AppData\Local\Programs\Python\Python314\Lib\socket.py", line 987, in getaddrinfo
    for res in _socket.getaddrinfo(host, port, family, type, proto, flags):
               ~~~~~~~~~~~~~~~~~~~^^^^^^^^^^^^^^^^^^^^^^^^^^^^^^^^^^^^^^^^
socket.gaierror: [Errno 11001] getaddrinfo failed

The above exception was the direct cause of the following exception:

Traceback (most recent call last):
  File "C:\Users\Dell\AIML\Hatsune MIku CN\code-nexus-bot\.venv\Lib\site-packages\discord\client.py", line 728, in connect
    self.ws = await asyncio.wait_for(coro, timeout=60.0)
              ^^^^^^^^^^^^^^^^^^^^^^^^^^^^^^^^^^^^^^^^^^
  File "C:\Users\Dell\AppData\Local\Programs\Python\Python314\Lib\asyncio\tasks.py", line 488, in wait_for
    return await fut
           ^^^^^^^^^
  File "C:\Users\Dell\AIML\Hatsune MIku CN\code-nexus-bot\.venv\Lib\site-packages\discord\gateway.py", line 392, in from_client
    socket = await client.http.ws_connect(str(url))
             ^^^^^^^^^^^^^^^^^^^^^^^^^^^^^^^^^^^^^^
  File "C:\Users\Dell\AIML\Hatsune MIku CN\code-nexus-bot\.venv\Lib\site-packages\discord\http.py", line 571, in ws_connect
    return await self.__session.ws_connect(url, **kwargs)
           ^^^^^^^^^^^^^^^^^^^^^^^^^^^^^^^^^^^^^^^^^^^^^^
  File "C:\Users\Dell\AIML\Hatsune MIku CN\code-nexus-bot\.venv\Lib\site-packages\aiohttp\client.py", line 1249, in _ws_connect
    resp = await self.request(
           ^^^^^^^^^^^^^^^^^^^
    ...<11 lines>...
    )
    ^
  File "C:\Users\Dell\AIML\Hatsune MIku CN\code-nexus-bot\.venv\Lib\site-packages\aiohttp\client.py", line 858, in _request
    resp = await handler(req)
           ^^^^^^^^^^^^^^^^^^
  File "C:\Users\Dell\AIML\Hatsune MIku CN\code-nexus-bot\.venv\Lib\site-packages\aiohttp\client.py", line 812, in _connect_and_send_request
    conn = await self._connector.connect(
           ^^^^^^^^^^^^^^^^^^^^^^^^^^^^^^
        req, traces=traces, timeout=real_timeout
        ^^^^^^^^^^^^^^^^^^^^^^^^^^^^^^^^^^^^^^^^
    )
    ^
  File "C:\Users\Dell\AIML\Hatsune MIku CN\code-nexus-bot\.venv\Lib\site-packages\aiohttp\connector.py", line 657, in connect
    proto = await self._create_connection(req, traces, timeout)
            ^^^^^^^^^^^^^^^^^^^^^^^^^^^^^^^^^^^^^^^^^^^^^^^^^^^
  File "C:\Users\Dell\AIML\Hatsune MIku CN\code-nexus-bot\.venv\Lib\site-packages\aiohttp\connector.py", line 1242, in _create_connection
    _, proto = await self._create_direct_connection(req, traces, timeout)
               ^^^^^^^^^^^^^^^^^^^^^^^^^^^^^^^^^^^^^^^^^^^^^^^^^^^^^^^^^^
  File "C:\Users\Dell\AIML\Hatsune MIku CN\code-nexus-bot\.venv\Lib\site-packages\aiohttp\connector.py", line 1577, in _create_direct_connection
    raise ClientConnectorDNSError(req.connection_key, exc) from exc
aiohttp.client_exceptions.ClientConnectorDNSError: Cannot connect to host gateway-us-east1-d.discord.gg:443 ssl:default [getaddrinfo failed]
2026-08-09 15:36:51,650 | ERROR    | discord.ext.tasks | Handling exception in internal background task LeaderboardDisplay.refresh_leaderboards. Retrying in 0.93s
Traceback (most recent call last):
  File "C:\Users\Dell\AIML\Hatsune MIku CN\code-nexus-bot\.venv\Lib\site-packages\aiohttp\connector.py", line 1571, in _create_direct_connection
    hosts = await self._resolve_host(host, port, traces=traces)
            ^^^^^^^^^^^^^^^^^^^^^^^^^^^^^^^^^^^^^^^^^^^^^^^^^^^
  File "C:\Users\Dell\AIML\Hatsune MIku CN\code-nexus-bot\.venv\Lib\site-packages\aiohttp\connector.py", line 1181, in _resolve_host
    return await asyncio.shield(resolved_host_task)
           ^^^^^^^^^^^^^^^^^^^^^^^^^^^^^^^^^^^^^^^^
  File "C:\Users\Dell\AIML\Hatsune MIku CN\code-nexus-bot\.venv\Lib\site-packages\aiohttp\connector.py", line 1212, in _resolve_host_with_throttle
    addrs = await self._resolver.resolve(host, port, family=self._family)
            ^^^^^^^^^^^^^^^^^^^^^^^^^^^^^^^^^^^^^^^^^^^^^^^^^^^^^^^^^^^^^
  File "C:\Users\Dell\AIML\Hatsune MIku CN\code-nexus-bot\.venv\Lib\site-packages\aiohttp\resolver.py", line 47, in resolve
    infos = await self._loop.getaddrinfo(
            ^^^^^^^^^^^^^^^^^^^^^^^^^^^^^
    ...<5 lines>...
    )
    ^
  File "C:\Users\Dell\AppData\Local\Programs\Python\Python314\Lib\asyncio\base_events.py", line 936, in getaddrinfo
    return await self.run_in_executor(
           ^^^^^^^^^^^^^^^^^^^^^^^^^^^
        None, getaddr_func, host, port, family, type, proto, flags)
        ^^^^^^^^^^^^^^^^^^^^^^^^^^^^^^^^^^^^^^^^^^^^^^^^^^^^^^^^^^^
  File "C:\Users\Dell\AppData\Local\Programs\Python\Python314\Lib\concurrent\futures\thread.py", line 86, in run
    result = ctx.run(self.task)
  File "C:\Users\Dell\AppData\Local\Programs\Python\Python314\Lib\concurrent\futures\thread.py", line 73, in run
    return fn(*args, **kwargs)
  File "C:\Users\Dell\AppData\Local\Programs\Python\Python314\Lib\socket.py", line 987, in getaddrinfo
    for res in _socket.getaddrinfo(host, port, family, type, proto, flags):
               ~~~~~~~~~~~~~~~~~~~^^^^^^^^^^^^^^^^^^^^^^^^^^^^^^^^^^^^^^^^
socket.gaierror: [Errno 11001] getaddrinfo failed

The above exception was the direct cause of the following exception:

Traceback (most recent call last):
  File "C:\Users\Dell\AIML\Hatsune MIku CN\code-nexus-bot\.venv\Lib\site-packages\discord\ext\tasks\__init__.py", line 247, in _loop
    await self.coro(*args, **kwargs)
  File "C:\Users\Dell\AIML\Hatsune MIku CN\code-nexus-bot\cogs\leaderboard.py", line 47, in refresh_leaderboards
    await self.update_guild(int(row["guild_id"]))
  File "C:\Users\Dell\AIML\Hatsune MIku CN\code-nexus-bot\cogs\leaderboard.py", line 68, in update_guild
    message = await channel.fetch_message(int(setting["message_id"]))
              ^^^^^^^^^^^^^^^^^^^^^^^^^^^^^^^^^^^^^^^^^^^^^^^^^^^^^^^
  File "C:\Users\Dell\AIML\Hatsune MIku CN\code-nexus-bot\.venv\Lib\site-packages\discord\abc.py", line 1772, in fetch_message
    data = await self._state.http.get_message(channel.id, id)
           ^^^^^^^^^^^^^^^^^^^^^^^^^^^^^^^^^^^^^^^^^^^^^^^^^^
  File "C:\Users\Dell\AIML\Hatsune MIku CN\code-nexus-bot\.venv\Lib\site-packages\discord\http.py", line 659, in request
    async with self.__session.request(method, url, **kwargs) as response:
               ~~~~~~~~~~~~~~~~~~~~~~^^^^^^^^^^^^^^^^^^^^^^^
  File "C:\Users\Dell\AIML\Hatsune MIku CN\code-nexus-bot\.venv\Lib\site-packages\aiohttp\client.py", line 1693, in __aenter__
    self._resp: _RetType_co = await self._coro
                              ^^^^^^^^^^^^^^^^
  File "C:\Users\Dell\AIML\Hatsune MIku CN\code-nexus-bot\.venv\Lib\site-packages\aiohttp\client.py", line 858, in _request
    resp = await handler(req)
           ^^^^^^^^^^^^^^^^^^
  File "C:\Users\Dell\AIML\Hatsune MIku CN\code-nexus-bot\.venv\Lib\site-packages\aiohttp\client.py", line 812, in _connect_and_send_request
    conn = await self._connector.connect(
           ^^^^^^^^^^^^^^^^^^^^^^^^^^^^^^
        req, traces=traces, timeout=real_timeout
        ^^^^^^^^^^^^^^^^^^^^^^^^^^^^^^^^^^^^^^^^
    )
    ^
  File "C:\Users\Dell\AIML\Hatsune MIku CN\code-nexus-bot\.venv\Lib\site-packages\aiohttp\connector.py", line 657, in connect
    proto = await self._create_connection(req, traces, timeout)
            ^^^^^^^^^^^^^^^^^^^^^^^^^^^^^^^^^^^^^^^^^^^^^^^^^^^
  File "C:\Users\Dell\AIML\Hatsune MIku CN\code-nexus-bot\.venv\Lib\site-packages\aiohttp\connector.py", line 1242, in _create_connection
    _, proto = await self._create_direct_connection(req, traces, timeout)
               ^^^^^^^^^^^^^^^^^^^^^^^^^^^^^^^^^^^^^^^^^^^^^^^^^^^^^^^^^^
  File "C:\Users\Dell\AIML\Hatsune MIku CN\code-nexus-bot\.venv\Lib\site-packages\aiohttp\connector.py", line 1577, in _create_direct_connection
    raise ClientConnectorDNSError(req.connection_key, exc) from exc
aiohttp.client_exceptions.ClientConnectorDNSError: Cannot connect to host discord.com:443 ssl:default [getaddrinfo failed]
2026-08-09 15:36:52,611 | ERROR    | discord.ext.tasks | Handling exception in internal background task LeaderboardDisplay.refresh_leaderboards. Retrying in 2.87s
Traceback (most recent call last):
  File "C:\Users\Dell\AIML\Hatsune MIku CN\code-nexus-bot\.venv\Lib\site-packages\aiohttp\connector.py", line 1571, in _create_direct_connection
    hosts = await self._resolve_host(host, port, traces=traces)
            ^^^^^^^^^^^^^^^^^^^^^^^^^^^^^^^^^^^^^^^^^^^^^^^^^^^
  File "C:\Users\Dell\AIML\Hatsune MIku CN\code-nexus-bot\.venv\Lib\site-packages\aiohttp\connector.py", line 1181, in _resolve_host
    return await asyncio.shield(resolved_host_task)
           ^^^^^^^^^^^^^^^^^^^^^^^^^^^^^^^^^^^^^^^^
  File "C:\Users\Dell\AIML\Hatsune MIku CN\code-nexus-bot\.venv\Lib\site-packages\aiohttp\connector.py", line 1212, in _resolve_host_with_throttle
    addrs = await self._resolver.resolve(host, port, family=self._family)
            ^^^^^^^^^^^^^^^^^^^^^^^^^^^^^^^^^^^^^^^^^^^^^^^^^^^^^^^^^^^^^
  File "C:\Users\Dell\AIML\Hatsune MIku CN\code-nexus-bot\.venv\Lib\site-packages\aiohttp\resolver.py", line 47, in resolve
    infos = await self._loop.getaddrinfo(
            ^^^^^^^^^^^^^^^^^^^^^^^^^^^^^
    ...<5 lines>...
    )
    ^
  File "C:\Users\Dell\AppData\Local\Programs\Python\Python314\Lib\asyncio\base_events.py", line 936, in getaddrinfo
    return await self.run_in_executor(
           ^^^^^^^^^^^^^^^^^^^^^^^^^^^
        None, getaddr_func, host, port, family, type, proto, flags)
        ^^^^^^^^^^^^^^^^^^^^^^^^^^^^^^^^^^^^^^^^^^^^^^^^^^^^^^^^^^^
  File "C:\Users\Dell\AppData\Local\Programs\Python\Python314\Lib\concurrent\futures\thread.py", line 86, in run
    result = ctx.run(self.task)
  File "C:\Users\Dell\AppData\Local\Programs\Python\Python314\Lib\concurrent\futures\thread.py", line 73, in run
    return fn(*args, **kwargs)
  File "C:\Users\Dell\AppData\Local\Programs\Python\Python314\Lib\socket.py", line 987, in getaddrinfo
    for res in _socket.getaddrinfo(host, port, family, type, proto, flags):
               ~~~~~~~~~~~~~~~~~~~^^^^^^^^^^^^^^^^^^^^^^^^^^^^^^^^^^^^^^^^
socket.gaierror: [Errno 11001] getaddrinfo failed

The above exception was the direct cause of the following exception:

Traceback (most recent call last):
  File "C:\Users\Dell\AIML\Hatsune MIku CN\code-nexus-bot\.venv\Lib\site-packages\discord\ext\tasks\__init__.py", line 247, in _loop
    await self.coro(*args, **kwargs)
  File "C:\Users\Dell\AIML\Hatsune MIku CN\code-nexus-bot\cogs\leaderboard.py", line 47, in refresh_leaderboards
    await self.update_guild(int(row["guild_id"]))
  File "C:\Users\Dell\AIML\Hatsune MIku CN\code-nexus-bot\cogs\leaderboard.py", line 68, in update_guild
    message = await channel.fetch_message(int(setting["message_id"]))
              ^^^^^^^^^^^^^^^^^^^^^^^^^^^^^^^^^^^^^^^^^^^^^^^^^^^^^^^
  File "C:\Users\Dell\AIML\Hatsune MIku CN\code-nexus-bot\.venv\Lib\site-packages\discord\abc.py", line 1772, in fetch_message
    data = await self._state.http.get_message(channel.id, id)
           ^^^^^^^^^^^^^^^^^^^^^^^^^^^^^^^^^^^^^^^^^^^^^^^^^^
  File "C:\Users\Dell\AIML\Hatsune MIku CN\code-nexus-bot\.venv\Lib\site-packages\discord\http.py", line 659, in request
    async with self.__session.request(method, url, **kwargs) as response:
               ~~~~~~~~~~~~~~~~~~~~~~^^^^^^^^^^^^^^^^^^^^^^^
  File "C:\Users\Dell\AIML\Hatsune MIku CN\code-nexus-bot\.venv\Lib\site-packages\aiohttp\client.py", line 1693, in __aenter__
    self._resp: _RetType_co = await self._coro
                              ^^^^^^^^^^^^^^^^
  File "C:\Users\Dell\AIML\Hatsune MIku CN\code-nexus-bot\.venv\Lib\site-packages\aiohttp\client.py", line 858, in _request
    resp = await handler(req)
           ^^^^^^^^^^^^^^^^^^
  File "C:\Users\Dell\AIML\Hatsune MIku CN\code-nexus-bot\.venv\Lib\site-packages\aiohttp\client.py", line 812, in _connect_and_send_request
    conn = await self._connector.connect(
           ^^^^^^^^^^^^^^^^^^^^^^^^^^^^^^
        req, traces=traces, timeout=real_timeout
        ^^^^^^^^^^^^^^^^^^^^^^^^^^^^^^^^^^^^^^^^
    )
    ^
  File "C:\Users\Dell\AIML\Hatsune MIku CN\code-nexus-bot\.venv\Lib\site-packages\aiohttp\connector.py", line 657, in connect
    proto = await self._create_connection(req, traces, timeout)
            ^^^^^^^^^^^^^^^^^^^^^^^^^^^^^^^^^^^^^^^^^^^^^^^^^^^
  File "C:\Users\Dell\AIML\Hatsune MIku CN\code-nexus-bot\.venv\Lib\site-packages\aiohttp\connector.py", line 1242, in _create_connection
    _, proto = await self._create_direct_connection(req, traces, timeout)
               ^^^^^^^^^^^^^^^^^^^^^^^^^^^^^^^^^^^^^^^^^^^^^^^^^^^^^^^^^^
  File "C:\Users\Dell\AIML\Hatsune MIku CN\code-nexus-bot\.venv\Lib\site-packages\aiohttp\connector.py", line 1577, in _create_direct_connection
    raise ClientConnectorDNSError(req.connection_key, exc) from exc
aiohttp.client_exceptions.ClientConnectorDNSError: Cannot connect to host discord.com:443 ssl:default [getaddrinfo failed]
2026-08-09 15:36:55,504 | ERROR    | discord.ext.tasks | Handling exception in internal background task LeaderboardDisplay.refresh_leaderboards. Retrying in 1.89s
Traceback (most recent call last):
  File "C:\Users\Dell\AIML\Hatsune MIku CN\code-nexus-bot\.venv\Lib\site-packages\aiohttp\connector.py", line 1571, in _create_direct_connection
    hosts = await self._resolve_host(host, port, traces=traces)
            ^^^^^^^^^^^^^^^^^^^^^^^^^^^^^^^^^^^^^^^^^^^^^^^^^^^
  File "C:\Users\Dell\AIML\Hatsune MIku CN\code-nexus-bot\.venv\Lib\site-packages\aiohttp\connector.py", line 1181, in _resolve_host
    return await asyncio.shield(resolved_host_task)
           ^^^^^^^^^^^^^^^^^^^^^^^^^^^^^^^^^^^^^^^^
  File "C:\Users\Dell\AIML\Hatsune MIku CN\code-nexus-bot\.venv\Lib\site-packages\aiohttp\connector.py", line 1212, in _resolve_host_with_throttle
    addrs = await self._resolver.resolve(host, port, family=self._family)
            ^^^^^^^^^^^^^^^^^^^^^^^^^^^^^^^^^^^^^^^^^^^^^^^^^^^^^^^^^^^^^
  File "C:\Users\Dell\AIML\Hatsune MIku CN\code-nexus-bot\.venv\Lib\site-packages\aiohttp\resolver.py", line 47, in resolve
    infos = await self._loop.getaddrinfo(
            ^^^^^^^^^^^^^^^^^^^^^^^^^^^^^
    ...<5 lines>...
    )
    ^
  File "C:\Users\Dell\AppData\Local\Programs\Python\Python314\Lib\asyncio\base_events.py", line 936, in getaddrinfo
    return await self.run_in_executor(
           ^^^^^^^^^^^^^^^^^^^^^^^^^^^
        None, getaddr_func, host, port, family, type, proto, flags)
        ^^^^^^^^^^^^^^^^^^^^^^^^^^^^^^^^^^^^^^^^^^^^^^^^^^^^^^^^^^^
  File "C:\Users\Dell\AppData\Local\Programs\Python\Python314\Lib\concurrent\futures\thread.py", line 86, in run
    result = ctx.run(self.task)
  File "C:\Users\Dell\AppData\Local\Programs\Python\Python314\Lib\concurrent\futures\thread.py", line 73, in run
    return fn(*args, **kwargs)
  File "C:\Users\Dell\AppData\Local\Programs\Python\Python314\Lib\socket.py", line 987, in getaddrinfo
    for res in _socket.getaddrinfo(host, port, family, type, proto, flags):
               ~~~~~~~~~~~~~~~~~~~^^^^^^^^^^^^^^^^^^^^^^^^^^^^^^^^^^^^^^^^
socket.gaierror: [Errno 11001] getaddrinfo failed

The above exception was the direct cause of the following exception:

Traceback (most recent call last):
  File "C:\Users\Dell\AIML\Hatsune MIku CN\code-nexus-bot\.venv\Lib\site-packages\discord\ext\tasks\__init__.py", line 247, in _loop
    await self.coro(*args, **kwargs)
  File "C:\Users\Dell\AIML\Hatsune MIku CN\code-nexus-bot\cogs\leaderboard.py", line 47, in refresh_leaderboards
    await self.update_guild(int(row["guild_id"]))
  File "C:\Users\Dell\AIML\Hatsune MIku CN\code-nexus-bot\cogs\leaderboard.py", line 68, in update_guild
    message = await channel.fetch_message(int(setting["message_id"]))
              ^^^^^^^^^^^^^^^^^^^^^^^^^^^^^^^^^^^^^^^^^^^^^^^^^^^^^^^
  File "C:\Users\Dell\AIML\Hatsune MIku CN\code-nexus-bot\.venv\Lib\site-packages\discord\abc.py", line 1772, in fetch_message
    data = await self._state.http.get_message(channel.id, id)
           ^^^^^^^^^^^^^^^^^^^^^^^^^^^^^^^^^^^^^^^^^^^^^^^^^^
  File "C:\Users\Dell\AIML\Hatsune MIku CN\code-nexus-bot\.venv\Lib\site-packages\discord\http.py", line 659, in request
    async with self.__session.request(method, url, **kwargs) as response:
               ~~~~~~~~~~~~~~~~~~~~~~^^^^^^^^^^^^^^^^^^^^^^^
  File "C:\Users\Dell\AIML\Hatsune MIku CN\code-nexus-bot\.venv\Lib\site-packages\aiohttp\client.py", line 1693, in __aenter__
    self._resp: _RetType_co = await self._coro
                              ^^^^^^^^^^^^^^^^
  File "C:\Users\Dell\AIML\Hatsune MIku CN\code-nexus-bot\.venv\Lib\site-packages\aiohttp\client.py", line 858, in _request
    resp = await handler(req)
           ^^^^^^^^^^^^^^^^^^
  File "C:\Users\Dell\AIML\Hatsune MIku CN\code-nexus-bot\.venv\Lib\site-packages\aiohttp\client.py", line 812, in _connect_and_send_request
    conn = await self._connector.connect(
           ^^^^^^^^^^^^^^^^^^^^^^^^^^^^^^
        req, traces=traces, timeout=real_timeout
        ^^^^^^^^^^^^^^^^^^^^^^^^^^^^^^^^^^^^^^^^
    )
    ^
  File "C:\Users\Dell\AIML\Hatsune MIku CN\code-nexus-bot\.venv\Lib\site-packages\aiohttp\connector.py", line 657, in connect
    proto = await self._create_connection(req, traces, timeout)
            ^^^^^^^^^^^^^^^^^^^^^^^^^^^^^^^^^^^^^^^^^^^^^^^^^^^
  File "C:\Users\Dell\AIML\Hatsune MIku CN\code-nexus-bot\.venv\Lib\site-packages\aiohttp\connector.py", line 1242, in _create_connection
    _, proto = await self._create_direct_connection(req, traces, timeout)
               ^^^^^^^^^^^^^^^^^^^^^^^^^^^^^^^^^^^^^^^^^^^^^^^^^^^^^^^^^^
  File "C:\Users\Dell\AIML\Hatsune MIku CN\code-nexus-bot\.venv\Lib\site-packages\aiohttp\connector.py", line 1577, in _create_direct_connection
    raise ClientConnectorDNSError(req.connection_key, exc) from exc
aiohttp.client_exceptions.ClientConnectorDNSError: Cannot connect to host discord.com:443 ssl:default [getaddrinfo failed]
2026-08-09 15:36:57,422 | ERROR    | discord.ext.tasks | Handling exception in internal background task LeaderboardDisplay.refresh_leaderboards. Retrying in 0.22s
Traceback (most recent call last):
  File "C:\Users\Dell\AIML\Hatsune MIku CN\code-nexus-bot\.venv\Lib\site-packages\aiohttp\connector.py", line 1571, in _create_direct_connection
    hosts = await self._resolve_host(host, port, traces=traces)
            ^^^^^^^^^^^^^^^^^^^^^^^^^^^^^^^^^^^^^^^^^^^^^^^^^^^
  File "C:\Users\Dell\AIML\Hatsune MIku CN\code-nexus-bot\.venv\Lib\site-packages\aiohttp\connector.py", line 1181, in _resolve_host
    return await asyncio.shield(resolved_host_task)
           ^^^^^^^^^^^^^^^^^^^^^^^^^^^^^^^^^^^^^^^^
  File "C:\Users\Dell\AIML\Hatsune MIku CN\code-nexus-bot\.venv\Lib\site-packages\aiohttp\connector.py", line 1212, in _resolve_host_with_throttle
    addrs = await self._resolver.resolve(host, port, family=self._family)
            ^^^^^^^^^^^^^^^^^^^^^^^^^^^^^^^^^^^^^^^^^^^^^^^^^^^^^^^^^^^^^
  File "C:\Users\Dell\AIML\Hatsune MIku CN\code-nexus-bot\.venv\Lib\site-packages\aiohttp\resolver.py", line 47, in resolve
    infos = await self._loop.getaddrinfo(
            ^^^^^^^^^^^^^^^^^^^^^^^^^^^^^
    ...<5 lines>...
    )
    ^
  File "C:\Users\Dell\AppData\Local\Programs\Python\Python314\Lib\asyncio\base_events.py", line 936, in getaddrinfo
    return await self.run_in_executor(
           ^^^^^^^^^^^^^^^^^^^^^^^^^^^
        None, getaddr_func, host, port, family, type, proto, flags)
        ^^^^^^^^^^^^^^^^^^^^^^^^^^^^^^^^^^^^^^^^^^^^^^^^^^^^^^^^^^^
  File "C:\Users\Dell\AppData\Local\Programs\Python\Python314\Lib\concurrent\futures\thread.py", line 86, in run
    result = ctx.run(self.task)
  File "C:\Users\Dell\AppData\Local\Programs\Python\Python314\Lib\concurrent\futures\thread.py", line 73, in run
    return fn(*args, **kwargs)
  File "C:\Users\Dell\AppData\Local\Programs\Python\Python314\Lib\socket.py", line 987, in getaddrinfo
    for res in _socket.getaddrinfo(host, port, family, type, proto, flags):
               ~~~~~~~~~~~~~~~~~~~^^^^^^^^^^^^^^^^^^^^^^^^^^^^^^^^^^^^^^^^
socket.gaierror: [Errno 11001] getaddrinfo failed

The above exception was the direct cause of the following exception:

Traceback (most recent call last):
  File "C:\Users\Dell\AIML\Hatsune MIku CN\code-nexus-bot\.venv\Lib\site-packages\discord\ext\tasks\__init__.py", line 247, in _loop
    await self.coro(*args, **kwargs)
  File "C:\Users\Dell\AIML\Hatsune MIku CN\code-nexus-bot\cogs\leaderboard.py", line 47, in refresh_leaderboards
    await self.update_guild(int(row["guild_id"]))
  File "C:\Users\Dell\AIML\Hatsune MIku CN\code-nexus-bot\cogs\leaderboard.py", line 68, in update_guild
    message = await channel.fetch_message(int(setting["message_id"]))
              ^^^^^^^^^^^^^^^^^^^^^^^^^^^^^^^^^^^^^^^^^^^^^^^^^^^^^^^
  File "C:\Users\Dell\AIML\Hatsune MIku CN\code-nexus-bot\.venv\Lib\site-packages\discord\abc.py", line 1772, in fetch_message
    data = await self._state.http.get_message(channel.id, id)
           ^^^^^^^^^^^^^^^^^^^^^^^^^^^^^^^^^^^^^^^^^^^^^^^^^^
  File "C:\Users\Dell\AIML\Hatsune MIku CN\code-nexus-bot\.venv\Lib\site-packages\discord\http.py", line 659, in request
    async with self.__session.request(method, url, **kwargs) as response:
               ~~~~~~~~~~~~~~~~~~~~~~^^^^^^^^^^^^^^^^^^^^^^^
  File "C:\Users\Dell\AIML\Hatsune MIku CN\code-nexus-bot\.venv\Lib\site-packages\aiohttp\client.py", line 1693, in __aenter__
    self._resp: _RetType_co = await self._coro
                              ^^^^^^^^^^^^^^^^
  File "C:\Users\Dell\AIML\Hatsune MIku CN\code-nexus-bot\.venv\Lib\site-packages\aiohttp\client.py", line 858, in _request
    resp = await handler(req)
           ^^^^^^^^^^^^^^^^^^
  File "C:\Users\Dell\AIML\Hatsune MIku CN\code-nexus-bot\.venv\Lib\site-packages\aiohttp\client.py", line 812, in _connect_and_send_request
    conn = await self._connector.connect(
           ^^^^^^^^^^^^^^^^^^^^^^^^^^^^^^
        req, traces=traces, timeout=real_timeout
        ^^^^^^^^^^^^^^^^^^^^^^^^^^^^^^^^^^^^^^^^
    )
    ^
  File "C:\Users\Dell\AIML\Hatsune MIku CN\code-nexus-bot\.venv\Lib\site-packages\aiohttp\connector.py", line 657, in connect
    proto = await self._create_connection(req, traces, timeout)
            ^^^^^^^^^^^^^^^^^^^^^^^^^^^^^^^^^^^^^^^^^^^^^^^^^^^
  File "C:\Users\Dell\AIML\Hatsune MIku CN\code-nexus-bot\.venv\Lib\site-packages\aiohttp\connector.py", line 1242, in _create_connection
    _, proto = await self._create_direct_connection(req, traces, timeout)
               ^^^^^^^^^^^^^^^^^^^^^^^^^^^^^^^^^^^^^^^^^^^^^^^^^^^^^^^^^^
  File "C:\Users\Dell\AIML\Hatsune MIku CN\code-nexus-bot\.venv\Lib\site-packages\aiohttp\connector.py", line 1577, in _create_direct_connection
    raise ClientConnectorDNSError(req.connection_key, exc) from exc
aiohttp.client_exceptions.ClientConnectorDNSError: Cannot connect to host discord.com:443 ssl:default [getaddrinfo failed]
2026-08-09 15:36:57,658 | ERROR    | discord.ext.tasks | Handling exception in internal background task LeaderboardDisplay.refresh_leaderboards. Retrying in 27.49s
Traceback (most recent call last):
  File "C:\Users\Dell\AIML\Hatsune MIku CN\code-nexus-bot\.venv\Lib\site-packages\aiohttp\connector.py", line 1571, in _create_direct_connection
    hosts = await self._resolve_host(host, port, traces=traces)
            ^^^^^^^^^^^^^^^^^^^^^^^^^^^^^^^^^^^^^^^^^^^^^^^^^^^
  File "C:\Users\Dell\AIML\Hatsune MIku CN\code-nexus-bot\.venv\Lib\site-packages\aiohttp\connector.py", line 1181, in _resolve_host
    return await asyncio.shield(resolved_host_task)
           ^^^^^^^^^^^^^^^^^^^^^^^^^^^^^^^^^^^^^^^^
  File "C:\Users\Dell\AIML\Hatsune MIku CN\code-nexus-bot\.venv\Lib\site-packages\aiohttp\connector.py", line 1212, in _resolve_host_with_throttle
    addrs = await self._resolver.resolve(host, port, family=self._family)
            ^^^^^^^^^^^^^^^^^^^^^^^^^^^^^^^^^^^^^^^^^^^^^^^^^^^^^^^^^^^^^
  File "C:\Users\Dell\AIML\Hatsune MIku CN\code-nexus-bot\.venv\Lib\site-packages\aiohttp\resolver.py", line 47, in resolve
    infos = await self._loop.getaddrinfo(
            ^^^^^^^^^^^^^^^^^^^^^^^^^^^^^
    ...<5 lines>...
    )
    ^
  File "C:\Users\Dell\AppData\Local\Programs\Python\Python314\Lib\asyncio\base_events.py", line 936, in getaddrinfo
    return await self.run_in_executor(
           ^^^^^^^^^^^^^^^^^^^^^^^^^^^
        None, getaddr_func, host, port, family, type, proto, flags)
        ^^^^^^^^^^^^^^^^^^^^^^^^^^^^^^^^^^^^^^^^^^^^^^^^^^^^^^^^^^^
  File "C:\Users\Dell\AppData\Local\Programs\Python\Python314\Lib\concurrent\futures\thread.py", line 86, in run
    result = ctx.run(self.task)
  File "C:\Users\Dell\AppData\Local\Programs\Python\Python314\Lib\concurrent\futures\thread.py", line 73, in run
    return fn(*args, **kwargs)
  File "C:\Users\Dell\AppData\Local\Programs\Python\Python314\Lib\socket.py", line 987, in getaddrinfo
    for res in _socket.getaddrinfo(host, port, family, type, proto, flags):
               ~~~~~~~~~~~~~~~~~~~^^^^^^^^^^^^^^^^^^^^^^^^^^^^^^^^^^^^^^^^
socket.gaierror: [Errno 11001] getaddrinfo failed

The above exception was the direct cause of the following exception:

Traceback (most recent call last):
  File "C:\Users\Dell\AIML\Hatsune MIku CN\code-nexus-bot\.venv\Lib\site-packages\discord\ext\tasks\__init__.py", line 247, in _loop
    await self.coro(*args, **kwargs)
  File "C:\Users\Dell\AIML\Hatsune MIku CN\code-nexus-bot\cogs\leaderboard.py", line 47, in refresh_leaderboards
    await self.update_guild(int(row["guild_id"]))
  File "C:\Users\Dell\AIML\Hatsune MIku CN\code-nexus-bot\cogs\leaderboard.py", line 68, in update_guild
    message = await channel.fetch_message(int(setting["message_id"]))
              ^^^^^^^^^^^^^^^^^^^^^^^^^^^^^^^^^^^^^^^^^^^^^^^^^^^^^^^
  File "C:\Users\Dell\AIML\Hatsune MIku CN\code-nexus-bot\.venv\Lib\site-packages\discord\abc.py", line 1772, in fetch_message
    data = await self._state.http.get_message(channel.id, id)
           ^^^^^^^^^^^^^^^^^^^^^^^^^^^^^^^^^^^^^^^^^^^^^^^^^^
  File "C:\Users\Dell\AIML\Hatsune MIku CN\code-nexus-bot\.venv\Lib\site-packages\discord\http.py", line 659, in request
    async with self.__session.request(method, url, **kwargs) as response:
               ~~~~~~~~~~~~~~~~~~~~~~^^^^^^^^^^^^^^^^^^^^^^^
  File "C:\Users\Dell\AIML\Hatsune MIku CN\code-nexus-bot\.venv\Lib\site-packages\aiohttp\client.py", line 1693, in __aenter__
    self._resp: _RetType_co = await self._coro
                              ^^^^^^^^^^^^^^^^
  File "C:\Users\Dell\AIML\Hatsune MIku CN\code-nexus-bot\.venv\Lib\site-packages\aiohttp\client.py", line 858, in _request
    resp = await handler(req)
           ^^^^^^^^^^^^^^^^^^
  File "C:\Users\Dell\AIML\Hatsune MIku CN\code-nexus-bot\.venv\Lib\site-packages\aiohttp\client.py", line 812, in _connect_and_send_request
    conn = await self._connector.connect(
           ^^^^^^^^^^^^^^^^^^^^^^^^^^^^^^
        req, traces=traces, timeout=real_timeout
        ^^^^^^^^^^^^^^^^^^^^^^^^^^^^^^^^^^^^^^^^
    )
    ^
  File "C:\Users\Dell\AIML\Hatsune MIku CN\code-nexus-bot\.venv\Lib\site-packages\aiohttp\connector.py", line 657, in connect
    proto = await self._create_connection(req, traces, timeout)
            ^^^^^^^^^^^^^^^^^^^^^^^^^^^^^^^^^^^^^^^^^^^^^^^^^^^
  File "C:\Users\Dell\AIML\Hatsune MIku CN\code-nexus-bot\.venv\Lib\site-packages\aiohttp\connector.py", line 1242, in _create_connection
    _, proto = await self._create_direct_connection(req, traces, timeout)
               ^^^^^^^^^^^^^^^^^^^^^^^^^^^^^^^^^^^^^^^^^^^^^^^^^^^^^^^^^^
  File "C:\Users\Dell\AIML\Hatsune MIku CN\code-nexus-bot\.venv\Lib\site-packages\aiohttp\connector.py", line 1577, in _create_direct_connection
    raise ClientConnectorDNSError(req.connection_key, exc) from exc
aiohttp.client_exceptions.ClientConnectorDNSError: Cannot connect to host discord.com:443 ssl:default [getaddrinfo failed]
2026-08-13 12:30:55,824 | INFO     | discord.client | logging in using static token
2026-08-13 12:31:01,529 | INFO     | __main__ | Loaded 8 extension(s).
2026-08-13 12:31:02,698 | INFO     | discord.gateway | Shard ID None has connected to Gateway (Session ID: 5a70bc43ca21010f479c229ea37cc38e).
2026-08-13 12:31:04,726 | INFO     | __main__ | Logged in as Hatsune Miku(Code Nexus)#7944 (1535525106657525841).
